// Jest Snapshot v1, https://goo.gl/fbAQLP

exports[`Grid Grid renders snapshot correctly" 1`] = `null`;
